// Jest Snapshot v1, https://goo.gl/fbAQLP

exports[`<IndicatorSelector  /> should match snapshot 1`] = `<div />`;
